[
    {
        "Architecture": "amd64",
        "Config": {
            "Cmd": [
                "./app"
            ],
            "Env": [
                "PATH=/usr/local/sbin:/usr/local/bin:/usr/sbin:/usr/bin:/sbin:/bin"
            ],
            "Labels": {
                "dev.devops-lab.project": "e3-buildchecker-md-rd@2026-09-10",
                "org.opencontainers.image.revision": "29c02d6604d7071d4b249ec958dd8a553caa670a",
                "org.opencontainers.image.source": "https://github.com/Rowan-hhh/devops_lab1",
                "org.opencontainers.image.title": "E3 BuildChecker MD/RD environment"
            },
            "WorkingDir": "/work"
        },
        "Created": "2026-10-10T16:08:23.870793198+08:00",
        "Descriptor": {
            "digest": "sha256:5be5d74a921c8600aeb4ac7a62bdea27f74521008264130039849b8309c285d6",
            "mediaType": "application/vnd.oci.image.manifest.v1+json",
            "size": 1400
        },
        "Id": "sha256:5be5d74a921c8600aeb4ac7a62bdea27f74521008264130039849b8309c285d6",
        "Metadata": {
            "LastTagTime": "2026-10-10T08:08:23.976103893Z"
        },
        "Os": "linux",
        "Parent": "sha256:8208a251d203d8fc3df51b58b4688ee782be5524ab97b0598544053e519a9d10",
        "RepoDigests": [
            "e3-buildchecker-md-rd@sha256:5be5d74a921c8600aeb4ac7a62bdea27f74521008264130039849b8309c285d6"
        ],
        "RepoTags": [
            "e3-buildchecker-md-rd:b1-20260910"
        ],
        "RootFS": {
            "Layers": [
                "sha256:34467cc93912af891dfee8a3902adf9b4f355a9bca4eaa46f658d1181a21de0d",
                "sha256:ad7336e1bc718389c4afb82798a6a363095bc56568ddd5594612ef841da2a6c6",
                "sha256:8945febb04184bae9667d2099edb5feed375cd28e6b9a4777e4430cdc9e11a48",
                "sha256:dd09dcaa0706d9da5855ca724343d92601d7e786dd43dfce2bb641876a480688",
                "sha256:d254a9c2273c90b9c2e401d86c8c14d95cea404c9201050c5e164374c5f74245"
            ],
            "Type": "layers"
        },
        "Size": 98037635
    }
]
