Sending build context to Docker daemon  210.9kB

Step 1/7 : FROM debian:bookworm-slim
 ---> 3783cc01769c
Step 2/7 : ARG DEBIAN_FRONTEND=noninteractive
 ---> Using cache
 ---> 594251a972ef
Step 3/7 : RUN apt-get update     && apt-get install -y --no-install-recommends         gcc         make         libc6-dev     && rm -rf /var/lib/apt/lists/*
 ---> Using cache
 ---> 8cf39bf2f08b
Step 4/7 : WORKDIR /work
 ---> Using cache
 ---> 61538d1221da
Step 5/7 : COPY fixtures/draft/main.c fixtures/draft/Makefile ./
 ---> Using cache
 ---> f078a08a1c46
Step 6/7 : RUN make     && test -x ./hello
 ---> Using cache
 ---> c5b1643f8ed2
Step 7/7 : CMD ["./hello"]
 ---> Using cache
 ---> 71242bf07070
Successfully built 71242bf07070
Successfully tagged e3-draft-tiny-greeting:reference
