Sending build context to Docker daemon  243.7kB

Step 1/7 : FROM debian:bookworm-slim
 ---> 3783cc01769c
Step 2/7 : ARG DEBIAN_FRONTEND=noninteractive
 ---> [Warning] The requested image's platform (linux/amd64) does not match the detected host platform (linux/arm64/v8) and no specific platform was requested
 ---> Running in a9a0e95d79c4
 ---> Removed intermediate container a9a0e95d79c4
 ---> 59ee63930ded
Step 3/7 : RUN apt-get update     && apt-get install -y --no-install-recommends         gcc         make         libc6-dev     && rm -rf /var/lib/apt/lists/*
 ---> [Warning] The requested image's platform (linux/amd64) does not match the detected host platform (linux/arm64/v8) and no specific platform was requested
 ---> Running in 1ac9c3916056
Get:1 http://deb.debian.org/debian bookworm InRelease [151 kB]
Get:2 http://deb.debian.org/debian bookworm-updates InRelease [55.4 kB]
Get:3 http://deb.debian.org/debian-security bookworm-security InRelease [34.8 kB]
Get:4 http://deb.debian.org/debian bookworm/main amd64 Packages [8790 kB]
Get:5 http://deb.debian.org/debian bookworm-updates/main amd64 Packages [6924 B]
Get:6 http://deb.debian.org/debian-security bookworm-security/main amd64 Packages [342 kB]
Fetched 9381 kB in 3s (2912 kB/s)
Reading package lists...
Reading package lists...
Building dependency tree...
Reading state information...
The following additional packages will be installed:
  binutils binutils-common binutils-x86-64-linux-gnu cpp cpp-12 gcc-12
  libasan8 libatomic1 libbinutils libc-dev-bin libcc1-0 libcrypt-dev
  libctf-nobfd0 libctf0 libgcc-12-dev libgomp1 libgprofng0 libgssapi-krb5-2
  libisl23 libitm1 libjansson4 libk5crypto3 libkeyutils1 libkrb5-3
  libkrb5support0 liblsan0 libmpc3 libmpfr6 libnsl-dev libnsl2 libquadmath0
  libssl3 libtirpc-common libtirpc-dev libtirpc3 libtsan2 libubsan1
  linux-libc-dev rpcsvc-proto
Suggested packages:
  binutils-doc cpp-doc gcc-12-locales cpp-12-doc gcc-multilib manpages-dev
  autoconf automake libtool flex bison gdb gcc-doc gcc-12-multilib gcc-12-doc
  glibc-doc krb5-doc krb5-user make-doc
Recommended packages:
  manpages manpages-dev libc-devtools krb5-locales
The following NEW packages will be installed:
  binutils binutils-common binutils-x86-64-linux-gnu cpp cpp-12 gcc gcc-12
  libasan8 libatomic1 libbinutils libc-dev-bin libc6-dev libcc1-0 libcrypt-dev
  libctf-nobfd0 libctf0 libgcc-12-dev libgomp1 libgprofng0 libgssapi-krb5-2
  libisl23 libitm1 libjansson4 libk5crypto3 libkeyutils1 libkrb5-3
  libkrb5support0 liblsan0 libmpc3 libmpfr6 libnsl-dev libnsl2 libquadmath0
  libssl3 libtirpc-common libtirpc-dev libtirpc3 libtsan2 libubsan1
  linux-libc-dev make rpcsvc-proto
0 upgraded, 42 newly installed, 0 to remove and 1 not upgraded.
Need to get 53.9 MB of archives.
After this operation, 212 MB of additional disk space will be used.
Get:1 http://deb.debian.org/debian bookworm/main amd64 binutils-common amd64 2.40-2 [2487 kB]
Get:2 http://deb.debian.org/debian bookworm/main amd64 libbinutils amd64 2.40-2 [572 kB]
Get:3 http://deb.debian.org/debian bookworm/main amd64 libctf-nobfd0 amd64 2.40-2 [153 kB]
Get:4 http://deb.debian.org/debian bookworm/main amd64 libctf0 amd64 2.40-2 [89.8 kB]
Get:5 http://deb.debian.org/debian bookworm/main amd64 libgprofng0 amd64 2.40-2 [812 kB]
Get:6 http://deb.debian.org/debian bookworm/main amd64 libjansson4 amd64 2.14-2 [40.8 kB]
Get:7 http://deb.debian.org/debian bookworm/main amd64 binutils-x86-64-linux-gnu amd64 2.40-2 [2246 kB]
Get:8 http://deb.debian.org/debian bookworm/main amd64 binutils amd64 2.40-2 [65.0 kB]
Get:9 http://deb.debian.org/debian bookworm/main amd64 libisl23 amd64 0.25-1.1 [683 kB]
Get:10 http://deb.debian.org/debian bookworm/main amd64 libmpfr6 amd64 4.2.0-1 [701 kB]
Get:11 http://deb.debian.org/debian bookworm/main amd64 libmpc3 amd64 1.3.1-1 [51.5 kB]
Get:12 http://deb.debian.org/debian bookworm/main amd64 cpp-12 amd64 12.2.0-14+deb12u1 [9768 kB]
Get:13 http://deb.debian.org/debian bookworm/main amd64 cpp amd64 4:12.2.0-3 [6836 B]
Get:14 http://deb.debian.org/debian bookworm/main amd64 libcc1-0 amd64 12.2.0-14+deb12u1 [41.7 kB]
Get:15 http://deb.debian.org/debian bookworm/main amd64 libgomp1 amd64 12.2.0-14+deb12u1 [116 kB]
Get:16 http://deb.debian.org/debian bookworm/main amd64 libitm1 amd64 12.2.0-14+deb12u1 [26.1 kB]
Get:17 http://deb.debian.org/debian bookworm/main amd64 libatomic1 amd64 12.2.0-14+deb12u1 [9376 B]
Get:18 http://deb.debian.org/debian bookworm/main amd64 libasan8 amd64 12.2.0-14+deb12u1 [2193 kB]
Get:19 http://deb.debian.org/debian bookworm/main amd64 liblsan0 amd64 12.2.0-14+deb12u1 [969 kB]
Get:20 http://deb.debian.org/debian bookworm/main amd64 libtsan2 amd64 12.2.0-14+deb12u1 [2197 kB]
Get:21 http://deb.debian.org/debian bookworm/main amd64 libubsan1 amd64 12.2.0-14+deb12u1 [883 kB]
Get:22 http://deb.debian.org/debian bookworm/main amd64 libquadmath0 amd64 12.2.0-14+deb12u1 [145 kB]
Get:23 http://deb.debian.org/debian bookworm/main amd64 libgcc-12-dev amd64 12.2.0-14+deb12u1 [2437 kB]
Get:24 http://deb.debian.org/debian bookworm/main amd64 gcc-12 amd64 12.2.0-14+deb12u1 [19.3 MB]
Get:25 http://deb.debian.org/debian bookworm/main amd64 gcc amd64 4:12.2.0-3 [5216 B]
Get:26 http://deb.debian.org/debian bookworm/main amd64 libc-dev-bin amd64 2.36-9+deb12u14 [48.1 kB]
Get:27 http://deb.debian.org/debian-security bookworm-security/main amd64 linux-libc-dev amd64 6.1.187-1 [2357 kB]
Get:28 http://deb.debian.org/debian bookworm/main amd64 libcrypt-dev amd64 1:4.4.33-2 [118 kB]
Get:29 http://deb.debian.org/debian bookworm/main amd64 libkrb5support0 amd64 1.20.1-2+deb12u5 [33.2 kB]
Get:30 http://deb.debian.org/debian bookworm/main amd64 libk5crypto3 amd64 1.20.1-2+deb12u5 [79.7 kB]
Get:31 http://deb.debian.org/debian bookworm/main amd64 libkeyutils1 amd64 1.6.3-2 [8808 B]
Get:32 http://deb.debian.org/debian-security bookworm-security/main amd64 libssl3 amd64 3.0.22-1~deb12u1 [2039 kB]
Get:33 http://deb.debian.org/debian bookworm/main amd64 libkrb5-3 amd64 1.20.1-2+deb12u5 [332 kB]
Get:34 http://deb.debian.org/debian bookworm/main amd64 libgssapi-krb5-2 amd64 1.20.1-2+deb12u5 [135 kB]
Get:35 http://deb.debian.org/debian bookworm/main amd64 libtirpc-common all 1.3.3+ds-1 [14.0 kB]
Get:36 http://deb.debian.org/debian bookworm/main amd64 libtirpc3 amd64 1.3.3+ds-1 [85.2 kB]
Get:37 http://deb.debian.org/debian bookworm/main amd64 libnsl2 amd64 1.3.0-2 [39.5 kB]
Get:38 http://deb.debian.org/debian bookworm/main amd64 libtirpc-dev amd64 1.3.3+ds-1 [191 kB]
Get:39 http://deb.debian.org/debian bookworm/main amd64 libnsl-dev amd64 1.3.0-2 [66.4 kB]
Get:40 http://deb.debian.org/debian bookworm/main amd64 rpcsvc-proto amd64 1.4.3-1 [63.3 kB]
Get:41 http://deb.debian.org/debian bookworm/main amd64 libc6-dev amd64 2.36-9+deb12u14 [1904 kB]
Get:42 http://deb.debian.org/debian bookworm/main amd64 make amd64 4.3-4.1 [396 kB]
[91mdebconf: delaying package configuration, since apt-utils is not installed
[0mFetched 53.9 MB in 11min 5s (81.1 kB/s)
Selecting previously unselected package binutils-common:amd64.
(Reading database ... 
(Reading database ... 5%
(Reading database ... 10%
(Reading database ... 15%
(Reading database ... 20%
(Reading database ... 25%
(Reading database ... 30%
(Reading database ... 35%
(Reading database ... 40%
(Reading database ... 45%
(Reading database ... 50%
(Reading database ... 55%
(Reading database ... 60%
(Reading database ... 65%
(Reading database ... 70%
(Reading database ... 75%
(Reading database ... 80%
(Reading database ... 85%
(Reading database ... 90%
(Reading database ... 95%
(Reading database ... 100%
(Reading database ... 6096 files and directories currently installed.)
Preparing to unpack .../00-binutils-common_2.40-2_amd64.deb ...
Unpacking binutils-common:amd64 (2.40-2) ...
Selecting previously unselected package libbinutils:amd64.
Preparing to unpack .../01-libbinutils_2.40-2_amd64.deb ...
Unpacking libbinutils:amd64 (2.40-2) ...
Selecting previously unselected package libctf-nobfd0:amd64.
Preparing to unpack .../02-libctf-nobfd0_2.40-2_amd64.deb ...
Unpacking libctf-nobfd0:amd64 (2.40-2) ...
Selecting previously unselected package libctf0:amd64.
Preparing to unpack .../03-libctf0_2.40-2_amd64.deb ...
Unpacking libctf0:amd64 (2.40-2) ...
Selecting previously unselected package libgprofng0:amd64.
Preparing to unpack .../04-libgprofng0_2.40-2_amd64.deb ...
Unpacking libgprofng0:amd64 (2.40-2) ...
Selecting previously unselected package libjansson4:amd64.
Preparing to unpack .../05-libjansson4_2.14-2_amd64.deb ...
Unpacking libjansson4:amd64 (2.14-2) ...
Selecting previously unselected package binutils-x86-64-linux-gnu.
Preparing to unpack .../06-binutils-x86-64-linux-gnu_2.40-2_amd64.deb ...
Unpacking binutils-x86-64-linux-gnu (2.40-2) ...
Selecting previously unselected package binutils.
Preparing to unpack .../07-binutils_2.40-2_amd64.deb ...
Unpacking binutils (2.40-2) ...
Selecting previously unselected package libisl23:amd64.
Preparing to unpack .../08-libisl23_0.25-1.1_amd64.deb ...
Unpacking libisl23:amd64 (0.25-1.1) ...
Selecting previously unselected package libmpfr6:amd64.
Preparing to unpack .../09-libmpfr6_4.2.0-1_amd64.deb ...
Unpacking libmpfr6:amd64 (4.2.0-1) ...
Selecting previously unselected package libmpc3:amd64.
Preparing to unpack .../10-libmpc3_1.3.1-1_amd64.deb ...
Unpacking libmpc3:amd64 (1.3.1-1) ...
Selecting previously unselected package cpp-12.
Preparing to unpack .../11-cpp-12_12.2.0-14+deb12u1_amd64.deb ...
Unpacking cpp-12 (12.2.0-14+deb12u1) ...
Selecting previously unselected package cpp.
Preparing to unpack .../12-cpp_4%3a12.2.0-3_amd64.deb ...
Unpacking cpp (4:12.2.0-3) ...
Selecting previously unselected package libcc1-0:amd64.
Preparing to unpack .../13-libcc1-0_12.2.0-14+deb12u1_amd64.deb ...
Unpacking libcc1-0:amd64 (12.2.0-14+deb12u1) ...
Selecting previously unselected package libgomp1:amd64.
Preparing to unpack .../14-libgomp1_12.2.0-14+deb12u1_amd64.deb ...
Unpacking libgomp1:amd64 (12.2.0-14+deb12u1) ...
Selecting previously unselected package libitm1:amd64.
Preparing to unpack .../15-libitm1_12.2.0-14+deb12u1_amd64.deb ...
Unpacking libitm1:amd64 (12.2.0-14+deb12u1) ...
Selecting previously unselected package libatomic1:amd64.
Preparing to unpack .../16-libatomic1_12.2.0-14+deb12u1_amd64.deb ...
Unpacking libatomic1:amd64 (12.2.0-14+deb12u1) ...
Selecting previously unselected package libasan8:amd64.
Preparing to unpack .../17-libasan8_12.2.0-14+deb12u1_amd64.deb ...
Unpacking libasan8:amd64 (12.2.0-14+deb12u1) ...
Selecting previously unselected package liblsan0:amd64.
Preparing to unpack .../18-liblsan0_12.2.0-14+deb12u1_amd64.deb ...
Unpacking liblsan0:amd64 (12.2.0-14+deb12u1) ...
Selecting previously unselected package libtsan2:amd64.
Preparing to unpack .../19-libtsan2_12.2.0-14+deb12u1_amd64.deb ...
Unpacking libtsan2:amd64 (12.2.0-14+deb12u1) ...
Selecting previously unselected package libubsan1:amd64.
Preparing to unpack .../20-libubsan1_12.2.0-14+deb12u1_amd64.deb ...
Unpacking libubsan1:amd64 (12.2.0-14+deb12u1) ...
Selecting previously unselected package libquadmath0:amd64.
Preparing to unpack .../21-libquadmath0_12.2.0-14+deb12u1_amd64.deb ...
Unpacking libquadmath0:amd64 (12.2.0-14+deb12u1) ...
Selecting previously unselected package libgcc-12-dev:amd64.
Preparing to unpack .../22-libgcc-12-dev_12.2.0-14+deb12u1_amd64.deb ...
Unpacking libgcc-12-dev:amd64 (12.2.0-14+deb12u1) ...
Selecting previously unselected package gcc-12.
Preparing to unpack .../23-gcc-12_12.2.0-14+deb12u1_amd64.deb ...
Unpacking gcc-12 (12.2.0-14+deb12u1) ...
Selecting previously unselected package gcc.
Preparing to unpack .../24-gcc_4%3a12.2.0-3_amd64.deb ...
Unpacking gcc (4:12.2.0-3) ...
Selecting previously unselected package libc-dev-bin.
Preparing to unpack .../25-libc-dev-bin_2.36-9+deb12u14_amd64.deb ...
Unpacking libc-dev-bin (2.36-9+deb12u14) ...
Selecting previously unselected package linux-libc-dev:amd64.
Preparing to unpack .../26-linux-libc-dev_6.1.187-1_amd64.deb ...
Unpacking linux-libc-dev:amd64 (6.1.187-1) ...
Selecting previously unselected package libcrypt-dev:amd64.
Preparing to unpack .../27-libcrypt-dev_1%3a4.4.33-2_amd64.deb ...
Unpacking libcrypt-dev:amd64 (1:4.4.33-2) ...
Selecting previously unselected package libkrb5support0:amd64.
Preparing to unpack .../28-libkrb5support0_1.20.1-2+deb12u5_amd64.deb ...
Unpacking libkrb5support0:amd64 (1.20.1-2+deb12u5) ...
Selecting previously unselected package libk5crypto3:amd64.
Preparing to unpack .../29-libk5crypto3_1.20.1-2+deb12u5_amd64.deb ...
Unpacking libk5crypto3:amd64 (1.20.1-2+deb12u5) ...
Selecting previously unselected package libkeyutils1:amd64.
Preparing to unpack .../30-libkeyutils1_1.6.3-2_amd64.deb ...
Unpacking libkeyutils1:amd64 (1.6.3-2) ...
Selecting previously unselected package libssl3:amd64.
Preparing to unpack .../31-libssl3_3.0.22-1~deb12u1_amd64.deb ...
Unpacking libssl3:amd64 (3.0.22-1~deb12u1) ...
Selecting previously unselected package libkrb5-3:amd64.
Preparing to unpack .../32-libkrb5-3_1.20.1-2+deb12u5_amd64.deb ...
Unpacking libkrb5-3:amd64 (1.20.1-2+deb12u5) ...
Selecting previously unselected package libgssapi-krb5-2:amd64.
Preparing to unpack .../33-libgssapi-krb5-2_1.20.1-2+deb12u5_amd64.deb ...
Unpacking libgssapi-krb5-2:amd64 (1.20.1-2+deb12u5) ...
Selecting previously unselected package libtirpc-common.
Preparing to unpack .../34-libtirpc-common_1.3.3+ds-1_all.deb ...
Unpacking libtirpc-common (1.3.3+ds-1) ...
Selecting previously unselected package libtirpc3:amd64.
Preparing to unpack .../35-libtirpc3_1.3.3+ds-1_amd64.deb ...
Unpacking libtirpc3:amd64 (1.3.3+ds-1) ...
Selecting previously unselected package libnsl2:amd64.
Preparing to unpack .../36-libnsl2_1.3.0-2_amd64.deb ...
Unpacking libnsl2:amd64 (1.3.0-2) ...
Selecting previously unselected package libtirpc-dev:amd64.
Preparing to unpack .../37-libtirpc-dev_1.3.3+ds-1_amd64.deb ...
Unpacking libtirpc-dev:amd64 (1.3.3+ds-1) ...
Selecting previously unselected package libnsl-dev:amd64.
Preparing to unpack .../38-libnsl-dev_1.3.0-2_amd64.deb ...
Unpacking libnsl-dev:amd64 (1.3.0-2) ...
Selecting previously unselected package rpcsvc-proto.
Preparing to unpack .../39-rpcsvc-proto_1.4.3-1_amd64.deb ...
Unpacking rpcsvc-proto (1.4.3-1) ...
Selecting previously unselected package libc6-dev:amd64.
Preparing to unpack .../40-libc6-dev_2.36-9+deb12u14_amd64.deb ...
Unpacking libc6-dev:amd64 (2.36-9+deb12u14) ...
Selecting previously unselected package make.
Preparing to unpack .../41-make_4.3-4.1_amd64.deb ...
Unpacking make (4.3-4.1) ...
Setting up libkeyutils1:amd64 (1.6.3-2) ...
Setting up libtirpc-common (1.3.3+ds-1) ...
Setting up binutils-common:amd64 (2.40-2) ...
Setting up libssl3:amd64 (3.0.22-1~deb12u1) ...
Setting up linux-libc-dev:amd64 (6.1.187-1) ...
Setting up libctf-nobfd0:amd64 (2.40-2) ...
Setting up libgomp1:amd64 (12.2.0-14+deb12u1) ...
Setting up libjansson4:amd64 (2.14-2) ...
Setting up libkrb5support0:amd64 (1.20.1-2+deb12u5) ...
Setting up rpcsvc-proto (1.4.3-1) ...
Setting up make (4.3-4.1) ...
Setting up libmpfr6:amd64 (4.2.0-1) ...
Setting up libquadmath0:amd64 (12.2.0-14+deb12u1) ...
Setting up libmpc3:amd64 (1.3.1-1) ...
Setting up libatomic1:amd64 (12.2.0-14+deb12u1) ...
Setting up libk5crypto3:amd64 (1.20.1-2+deb12u5) ...
Setting up libubsan1:amd64 (12.2.0-14+deb12u1) ...
Setting up libcrypt-dev:amd64 (1:4.4.33-2) ...
Setting up libasan8:amd64 (12.2.0-14+deb12u1) ...
Setting up libkrb5-3:amd64 (1.20.1-2+deb12u5) ...
Setting up libtsan2:amd64 (12.2.0-14+deb12u1) ...
Setting up libbinutils:amd64 (2.40-2) ...
Setting up libisl23:amd64 (0.25-1.1) ...
Setting up libc-dev-bin (2.36-9+deb12u14) ...
Setting up libcc1-0:amd64 (12.2.0-14+deb12u1) ...
Setting up liblsan0:amd64 (12.2.0-14+deb12u1) ...
Setting up libitm1:amd64 (12.2.0-14+deb12u1) ...
Setting up libctf0:amd64 (2.40-2) ...
Setting up cpp-12 (12.2.0-14+deb12u1) ...
Setting up libgprofng0:amd64 (2.40-2) ...
Setting up libgcc-12-dev:amd64 (12.2.0-14+deb12u1) ...
Setting up libgssapi-krb5-2:amd64 (1.20.1-2+deb12u5) ...
Setting up cpp (4:12.2.0-3) ...
Setting up binutils-x86-64-linux-gnu (2.40-2) ...
Setting up libtirpc3:amd64 (1.3.3+ds-1) ...
Setting up binutils (2.40-2) ...
Setting up libtirpc-dev:amd64 (1.3.3+ds-1) ...
Setting up gcc-12 (12.2.0-14+deb12u1) ...
Setting up libnsl2:amd64 (1.3.0-2) ...
Setting up gcc (4:12.2.0-3) ...
Setting up libnsl-dev:amd64 (1.3.0-2) ...
Setting up libc6-dev:amd64 (2.36-9+deb12u14) ...
Processing triggers for libc-bin (2.36-9+deb12u14) ...
 ---> Removed intermediate container 1ac9c3916056
 ---> e5a35264d6f2
Step 4/7 : WORKDIR /work
 ---> [Warning] The requested image's platform (linux/amd64) does not match the detected host platform (linux/arm64/v8) and no specific platform was requested
 ---> Running in 854354aff7ad
 ---> Removed intermediate container 854354aff7ad
 ---> f134827c1b8e
Step 5/7 : COPY fixtures/draft/main.c fixtures/draft/Makefile ./
 ---> 541c21a7e818
Step 6/7 : RUN make     && test -x ./hello
 ---> [Warning] The requested image's platform (linux/amd64) does not match the detected host platform (linux/arm64/v8) and no specific platform was requested
 ---> Running in e53c18f8c7d3
cc -std=c11 -O2 -Wall -Wextra -Wpedantic main.c -o hello
 ---> Removed intermediate container e53c18f8c7d3
 ---> ac01189b8b13
Step 7/7 : CMD ["./hello"]
 ---> [Warning] The requested image's platform (linux/amd64) does not match the detected host platform (linux/arm64/v8) and no specific platform was requested
 ---> Running in 0004a195eaa6
 ---> Removed intermediate container 0004a195eaa6
 ---> 66b6924106f5
Successfully built 66b6924106f5
Successfully tagged e3-draft-tiny-greeting:reference
