[
    {
        "Architecture": "amd64",
        "Config": {
            "Cmd": [
                "./app"
            ],
            "Env": [
                "PATH=/usr/local/sbin:/usr/local/bin:/usr/sbin:/usr/bin:/sbin:/bin"
            ],
            "Labels": {
                "dev.devops-lab.project": "e3-buildchecker-md-rd@2026-09-10",
                "org.opencontainers.image.revision": "29c02d6604d7071d4b249ec958dd8a553caa670a",
                "org.opencontainers.image.source": "https://github.com/Rowan-hhh/devops_lab1",
                "org.opencontainers.image.title": "E3 BuildChecker MD/RD environment"
            },
            "WorkingDir": "/work"
        },
        "Created": "2026-10-10T19:47:30.786687651+08:00",
        "Descriptor": {
            "digest": "sha256:ce6e924d768cc529c9b53381500106b65192a40acd17de83e7d437aba0c863a8",
            "mediaType": "application/vnd.oci.image.manifest.v1+json",
            "size": 1400
        },
        "Id": "sha256:ce6e924d768cc529c9b53381500106b65192a40acd17de83e7d437aba0c863a8",
        "Metadata": {
            "LastTagTime": "2026-10-10T11:47:30.813699151Z"
        },
        "Os": "linux",
        "Parent": "sha256:51c19b2c287b0b6b75ff1213ff302905c756416269ab2abe0db7c7ac3d5ed686",
        "RepoDigests": [
            "e3-buildchecker-md-rd@sha256:ce6e924d768cc529c9b53381500106b65192a40acd17de83e7d437aba0c863a8"
        ],
        "RepoTags": [
            "e3-buildchecker-md-rd:b1-20260910"
        ],
        "RootFS": {
            "Layers": [
                "sha256:34467cc93912af891dfee8a3902adf9b4f355a9bca4eaa46f658d1181a21de0d",
                "sha256:5252d91aa58080b1fd3876ad7bff3ea2e9898167041b8e32f4569cd8153858fe",
                "sha256:8dc0544f0ae8bdf86edae95d9cf2c6e738eae8354a514814877fa622d136d1dd",
                "sha256:00978f42989542a1ec6e3721f05bc7558688d56905316173c75da97cf0e1b0da",
                "sha256:fdf7152bd9361ad5c72c4ca13b0b262668a216e608b29ca63d2868cc07bc4fc0"
            ],
            "Type": "layers"
        },
        "Size": 98037811
    }
]
